This is pdfTeX, Version 3.141592653-2.6-1.40.26 (TeX Live 2024) (preloaded format=pdflatex 2025.2.11)  21 AUG 2025 16:35
entering extended mode
 \write18 enabled.
 %&-line parsing enabled.
**1.tex
(./1.tex
LaTeX2e <2023-11-01> patch level 1
L3 programming layer <2024-02-20>
(/usr/local/texlive/2024/texmf-dist/tex/latex/base/article.cls
Document Class: article 2023/05/17 v1.4n Standard LaTeX document class
(/usr/local/texlive/2024/texmf-dist/tex/latex/base/size12.clo
File: size12.clo 2023/05/17 v1.4n Standard LaTeX file (size option)
)
\c@part=\count188
\c@section=\count189
\c@subsection=\count190
\c@subsubsection=\count191
\c@paragraph=\count192
\c@subparagraph=\count193
\c@figure=\count194
\c@table=\count195
\abovecaptionskip=\skip48
\belowcaptionskip=\skip49
\bibindent=\dimen140
)
(/usr/local/texlive/2024/texmf-dist/tex/latex/amsmath/amsmath.sty
Package: amsmath 2023/05/13 v2.17o AMS math features
\@mathmargin=\skip50

For additional information on amsmath, use the `?' option.
(/usr/local/texlive/2024/texmf-dist/tex/latex/amsmath/amstext.sty
Package: amstext 2021/08/26 v2.01 AMS text

(/usr/local/texlive/2024/texmf-dist/tex/latex/amsmath/amsgen.sty
File: amsgen.sty 1999/11/30 v2.0 generic functions
\@emptytoks=\toks17
\ex@=\dimen141
))
(/usr/local/texlive/2024/texmf-dist/tex/latex/amsmath/amsbsy.sty
Package: amsbsy 1999/11/29 v1.2d Bold Symbols
\pmbraise@=\dimen142
)
(/usr/local/texlive/2024/texmf-dist/tex/latex/amsmath/amsopn.sty
Package: amsopn 2022/04/08 v2.04 operator names
)
\inf@bad=\count196
LaTeX Info: Redefining \frac on input line 234.
\uproot@=\count197
\leftroot@=\count198
LaTeX Info: Redefining \overline on input line 399.
LaTeX Info: Redefining \colon on input line 410.
\classnum@=\count199
\DOTSCASE@=\count266
LaTeX Info: Redefining \ldots on input line 496.
LaTeX Info: Redefining \dots on input line 499.
LaTeX Info: Redefining \cdots on input line 620.
\Mathstrutbox@=\box51
\strutbox@=\box52
LaTeX Info: Redefining \big on input line 722.
LaTeX Info: Redefining \Big on input line 723.
LaTeX Info: Redefining \bigg on input line 724.
LaTeX Info: Redefining \Bigg on input line 725.
\big@size=\dimen143
LaTeX Font Info:    Redeclaring font encoding OML on input line 743.
LaTeX Font Info:    Redeclaring font encoding OMS on input line 744.
\macc@depth=\count267
LaTeX Info: Redefining \bmod on input line 905.
LaTeX Info: Redefining \pmod on input line 910.
LaTeX Info: Redefining \smash on input line 940.
LaTeX Info: Redefining \relbar on input line 970.
LaTeX Info: Redefining \Relbar on input line 971.
\c@MaxMatrixCols=\count268
\dotsspace@=\muskip16
\c@parentequation=\count269
\dspbrk@lvl=\count270
\tag@help=\toks18
\row@=\count271
\column@=\count272
\maxfields@=\count273
\andhelp@=\toks19
\eqnshift@=\dimen144
\alignsep@=\dimen145
\tagshift@=\dimen146
\tagwidth@=\dimen147
\totwidth@=\dimen148
\lineht@=\dimen149
\@envbody=\toks20
\multlinegap=\skip51
\multlinetaggap=\skip52
\mathdisplay@stack=\toks21
LaTeX Info: Redefining \[ on input line 2953.
LaTeX Info: Redefining \] on input line 2954.
)
(/usr/local/texlive/2024/texmf-dist/tex/latex/amsfonts/amssymb.sty
Package: amssymb 2013/01/14 v3.01 AMS font symbols

(/usr/local/texlive/2024/texmf-dist/tex/latex/amsfonts/amsfonts.sty
Package: amsfonts 2013/01/14 v3.01 Basic AMSFonts support
\symAMSa=\mathgroup4
\symAMSb=\mathgroup5
LaTeX Font Info:    Redeclaring math symbol \hbar on input line 98.
LaTeX Font Info:    Overwriting math alphabet `\mathfrak' in version `bold'
(Font)                  U/euf/m/n --> U/euf/b/n on input line 106.
))
(/usr/local/texlive/2024/texmf-dist/tex/latex/geometry/geometry.sty
Package: geometry 2020/01/02 v5.9 Page Geometry

(/usr/local/texlive/2024/texmf-dist/tex/latex/graphics/keyval.sty
Package: keyval 2022/05/29 v1.15 key=value parser (DPC)
\KV@toks@=\toks22
)
(/usr/local/texlive/2024/texmf-dist/tex/generic/iftex/ifvtex.sty
Package: ifvtex 2019/10/25 v1.7 ifvtex legacy package. Use iftex instead.

(/usr/local/texlive/2024/texmf-dist/tex/generic/iftex/iftex.sty
Package: iftex 2022/02/03 v1.0f TeX engine tests
))
\Gm@cnth=\count274
\Gm@cntv=\count275
\c@Gm@tempcnt=\count276
\Gm@bindingoffset=\dimen150
\Gm@wd@mp=\dimen151
\Gm@odd@mp=\dimen152
\Gm@even@mp=\dimen153
\Gm@layoutwidth=\dimen154
\Gm@layoutheight=\dimen155
\Gm@layouthoffset=\dimen156
\Gm@layoutvoffset=\dimen157
\Gm@dimlist=\toks23
)
(/usr/local/texlive/2024/texmf-dist/tex/latex/tools/enumerate.sty
Package: enumerate 2023/07/04 v3.00 enumerate extensions (DPC)
\@enLab=\toks24
)
(/usr/local/texlive/2024/texmf-dist/tex/latex/base/inputenc.sty
Package: inputenc 2021/02/14 v1.3d Input encoding file
\inpenc@prehook=\toks25
\inpenc@posthook=\toks26
)
(/usr/local/texlive/2024/texmf-dist/tex/latex/cjk/texinput/CJKutf8.sty
Package: CJKutf8 2021/10/16 4.8.5

(/usr/local/texlive/2024/texmf-dist/tex/generic/iftex/ifpdf.sty
Package: ifpdf 2019/10/25 v3.4 ifpdf legacy package. Use iftex instead.
)
(/usr/local/texlive/2024/texmf-dist/tex/latex/cjk/texinput/CJK.sty
Package: CJK 2021/10/16 4.8.5

(/usr/local/texlive/2024/texmf-dist/tex/latex/cjk/texinput/mule/MULEenc.sty
Package: MULEenc 2021/10/16 4.8.5
)
(/usr/local/texlive/2024/texmf-dist/tex/latex/cjk/texinput/CJK.enc
File: CJK.enc 2021/10/16 4.8.5
Now handling font encoding C00 ...
... no UTF-8 mapping file for font encoding C00
Now handling font encoding C05 ...
... no UTF-8 mapping file for font encoding C05
Now handling font encoding C09 ...
... no UTF-8 mapping file for font encoding C09
Now handling font encoding C10 ...
... no UTF-8 mapping file for font encoding C10
Now handling font encoding C20 ...
... no UTF-8 mapping file for font encoding C20
Now handling font encoding C19 ...
... no UTF-8 mapping file for font encoding C19
Now handling font encoding C40 ...
... no UTF-8 mapping file for font encoding C40
Now handling font encoding C42 ...
... no UTF-8 mapping file for font encoding C42
Now handling font encoding C43 ...
... no UTF-8 mapping file for font encoding C43
Now handling font encoding C50 ...
... no UTF-8 mapping file for font encoding C50
Now handling font encoding C52 ...
... no UTF-8 mapping file for font encoding C52
Now handling font encoding C49 ...
... no UTF-8 mapping file for font encoding C49
Now handling font encoding C60 ...
... no UTF-8 mapping file for font encoding C60
Now handling font encoding C61 ...
... no UTF-8 mapping file for font encoding C61
Now handling font encoding C63 ...
... no UTF-8 mapping file for font encoding C63
Now handling font encoding C64 ...
... no UTF-8 mapping file for font encoding C64
Now handling font encoding C65 ...
... no UTF-8 mapping file for font encoding C65
Now handling font encoding C70 ...
... no UTF-8 mapping file for font encoding C70
Now handling font encoding C31 ...
... no UTF-8 mapping file for font encoding C31
Now handling font encoding C32 ...
... no UTF-8 mapping file for font encoding C32
Now handling font encoding C33 ...
... no UTF-8 mapping file for font encoding C33
Now handling font encoding C34 ...
... no UTF-8 mapping file for font encoding C34
Now handling font encoding C35 ...
... no UTF-8 mapping file for font encoding C35
Now handling font encoding C36 ...
... no UTF-8 mapping file for font encoding C36
Now handling font encoding C37 ...
... no UTF-8 mapping file for font encoding C37
Now handling font encoding C80 ...
... no UTF-8 mapping file for font encoding C80
Now handling font encoding C81 ...
... no UTF-8 mapping file for font encoding C81
Now handling font encoding C01 ...
... no UTF-8 mapping file for font encoding C01
Now handling font encoding C11 ...
... no UTF-8 mapping file for font encoding C11
Now handling font encoding C21 ...
... no UTF-8 mapping file for font encoding C21
Now handling font encoding C41 ...
... no UTF-8 mapping file for font encoding C41
Now handling font encoding C62 ...
... no UTF-8 mapping file for font encoding C62
)
\CJK@indent=\box53
)
(/usr/local/texlive/2024/texmf-dist/tex/latex/base/fontenc.sty
Package: fontenc 2021/04/29 v2.0v Standard LaTeX package
))
(/usr/local/texlive/2024/texmf-dist/tex/latex/l3backend/l3backend-pdftex.def
File: l3backend-pdftex.def 2024-02-20 L3 backend support: PDF output (pdfTeX)
\l__color_backend_stack_int=\count277
\l__pdf_internal_box=\box54
)
No file 1.aux.
\openout1 = `1.aux'.

LaTeX Font Info:    Checking defaults for OML/cmm/m/it on input line 15.
LaTeX Font Info:    ... okay on input line 15.
LaTeX Font Info:    Checking defaults for OMS/cmsy/m/n on input line 15.
LaTeX Font Info:    ... okay on input line 15.
LaTeX Font Info:    Checking defaults for OT1/cmr/m/n on input line 15.
LaTeX Font Info:    ... okay on input line 15.
LaTeX Font Info:    Checking defaults for T1/cmr/m/n on input line 15.
LaTeX Font Info:    ... okay on input line 15.
LaTeX Font Info:    Checking defaults for TS1/cmr/m/n on input line 15.
LaTeX Font Info:    ... okay on input line 15.
LaTeX Font Info:    Checking defaults for OMX/cmex/m/n on input line 15.
LaTeX Font Info:    ... okay on input line 15.
LaTeX Font Info:    Checking defaults for U/cmr/m/n on input line 15.
LaTeX Font Info:    ... okay on input line 15.
LaTeX Font Info:    Checking defaults for C00/song/m/n on input line 15.
LaTeX Font Info:    ... okay on input line 15.
LaTeX Font Info:    Checking defaults for C05/song/m/n on input line 15.
LaTeX Font Info:    ... okay on input line 15.
LaTeX Font Info:    Checking defaults for C09/song/m/n on input line 15.
LaTeX Font Info:    ... okay on input line 15.
LaTeX Font Info:    Checking defaults for C10/song/m/n on input line 15.
LaTeX Font Info:    ... okay on input line 15.
LaTeX Font Info:    Checking defaults for C20/song/m/n on input line 15.
LaTeX Font Info:    ... okay on input line 15.
LaTeX Font Info:    Checking defaults for C19/song/m/n on input line 15.
LaTeX Font Info:    ... okay on input line 15.
LaTeX Font Info:    Checking defaults for C40/song/m/n on input line 15.
LaTeX Font Info:    ... okay on input line 15.
LaTeX Font Info:    Checking defaults for C42/song/m/n on input line 15.
LaTeX Font Info:    ... okay on input line 15.
LaTeX Font Info:    Checking defaults for C43/song/m/n on input line 15.
LaTeX Font Info:    ... okay on input line 15.
LaTeX Font Info:    Checking defaults for C50/song/m/n on input line 15.
LaTeX Font Info:    ... okay on input line 15.
LaTeX Font Info:    Checking defaults for C52/song/m/n on input line 15.
LaTeX Font Info:    ... okay on input line 15.
LaTeX Font Info:    Checking defaults for C49/song/m/n on input line 15.
LaTeX Font Info:    ... okay on input line 15.
LaTeX Font Info:    Checking defaults for C60/mj/m/n on input line 15.
LaTeX Font Info:    ... okay on input line 15.
LaTeX Font Info:    Checking defaults for C61/mj/m/n on input line 15.
LaTeX Font Info:    ... okay on input line 15.
LaTeX Font Info:    Checking defaults for C63/mj/m/n on input line 15.
LaTeX Font Info:    ... okay on input line 15.
LaTeX Font Info:    Checking defaults for C64/mj/m/n on input line 15.
LaTeX Font Info:    ... okay on input line 15.
LaTeX Font Info:    Checking defaults for C65/mj/m/n on input line 15.
LaTeX Font Info:    ... okay on input line 15.
LaTeX Font Info:    Checking defaults for C70/song/m/n on input line 15.
LaTeX Font Info:    ... okay on input line 15.
LaTeX Font Info:    Checking defaults for C31/song/m/n on input line 15.
LaTeX Font Info:    ... okay on input line 15.
LaTeX Font Info:    Checking defaults for C32/song/m/n on input line 15.
LaTeX Font Info:    ... okay on input line 15.
LaTeX Font Info:    Checking defaults for C33/song/m/n on input line 15.
LaTeX Font Info:    ... okay on input line 15.
LaTeX Font Info:    Checking defaults for C34/song/m/n on input line 15.
LaTeX Font Info:    ... okay on input line 15.
LaTeX Font Info:    Checking defaults for C35/song/m/n on input line 15.
LaTeX Font Info:    ... okay on input line 15.
LaTeX Font Info:    Checking defaults for C36/song/m/n on input line 15.
LaTeX Font Info:    ... okay on input line 15.
LaTeX Font Info:    Checking defaults for C37/song/m/n on input line 15.
LaTeX Font Info:    ... okay on input line 15.
LaTeX Font Info:    Checking defaults for C80/song/m/n on input line 15.
LaTeX Font Info:    ... okay on input line 15.
LaTeX Font Info:    Checking defaults for C81/song/m/n on input line 15.
LaTeX Font Info:    ... okay on input line 15.
LaTeX Font Info:    Checking defaults for C01/song/m/n on input line 15.
LaTeX Font Info:    ... okay on input line 15.
LaTeX Font Info:    Checking defaults for C11/song/m/n on input line 15.
LaTeX Font Info:    ... okay on input line 15.
LaTeX Font Info:    Checking defaults for C21/song/m/n on input line 15.
LaTeX Font Info:    ... okay on input line 15.
LaTeX Font Info:    Checking defaults for C41/song/m/n on input line 15.
LaTeX Font Info:    ... okay on input line 15.
LaTeX Font Info:    Checking defaults for C62/song/m/n on input line 15.
LaTeX Font Info:    ... okay on input line 15.
*geometry* driver: auto-detecting
*geometry* detected driver: pdftex
*geometry* verbose mode - [ preamble ] result:
* driver: pdftex
* paper: <default>
* layout: <same size as paper>
* layoutoffset:(h,v)=(0.0pt,0.0pt)
* modes: 
* h-part:(L,W,R)=(72.26999pt, 469.75502pt, 72.26999pt)
* v-part:(T,H,B)=(72.26999pt, 650.43001pt, 72.26999pt)
* \paperwidth=614.295pt
* \paperheight=794.96999pt
* \textwidth=469.75502pt
* \textheight=650.43001pt
* \oddsidemargin=0.0pt
* \evensidemargin=0.0pt
* \topmargin=-37.0pt
* \headheight=12.0pt
* \headsep=25.0pt
* \topskip=12.0pt
* \footskip=30.0pt
* \marginparwidth=44.0pt
* \marginparsep=10.0pt
* \columnsep=10.0pt
* \skip\footins=10.8pt plus 4.0pt minus 2.0pt
* \hoffset=0.0pt
* \voffset=0.0pt
* \mag=1000
* \@twocolumnfalse
* \@twosidefalse
* \@mparswitchfalse
* \@reversemarginfalse
* (1in=72.27pt=25.4mm, 1cm=28.453pt)

(/usr/local/texlive/2024/texmf-dist/tex/latex/cjk/texinput/UTF8/UTF8.bdg
File: UTF8.bdg 2021/10/16 4.8.5
)
(/usr/local/texlive/2024/texmf-dist/tex/latex/cjk/texinput/UTF8/UTF8.enc
File: UTF8.enc 2021/10/16 4.8.5
)
(/usr/local/texlive/2024/texmf-dist/tex/latex/cjk/texinput/UTF8/UTF8.chr
File: UTF8.chr 2021/10/16 4.8.5
)
LaTeX Font Info:    Trying to load font information for C70+gbsn on input line 
18.

(/usr/local/texlive/2024/texmf-dist/tex/latex/cjk/texinput/UTF8/c70gbsn.fd
File: c70gbsn.fd 2021/10/16 4.8.5
)
(/usr/local/texlive/2024/texmf-dist/tex/latex/cjk/texinput/UTF8/c70gbsn.fdx
File: c70gbsn.fdx 2021/10/16 4.8.5
)
LaTeX Font Info:    Trying to load font information for U+msa on input line 18.


(/usr/local/texlive/2024/texmf-dist/tex/latex/amsfonts/umsa.fd
File: umsa.fd 2013/01/14 v3.01 AMS symbols A
)
LaTeX Font Info:    Trying to load font information for U+msb on input line 18.


(/usr/local/texlive/2024/texmf-dist/tex/latex/amsfonts/umsb.fd
File: umsb.fd 2013/01/14 v3.01 AMS symbols B
)

LaTeX Warning: Command \textdegree invalid in math mode on input line 41.


LaTeX Warning: Command \textdegree invalid in math mode on input line 41.

Missing character: There is no ∞ in font cmr12!
[1

{/usr/local/texlive/2024/texmf-var/fonts/map/pdftex/updmap/pdftex.map}]
[2]

LaTeX Warning: Command \textdegree invalid in math mode on input line 136.


LaTeX Warning: Command \textdegree invalid in math mode on input line 136.

Missing character: There is no ∞ in font cmr12!

LaTeX Warning: Command \textdegree invalid in math mode on input line 136.


LaTeX Warning: Command \textdegree invalid in math mode on input line 136.

Missing character: There is no ∞ in font cmr12!

Overfull \hbox (12.316pt too wide) in paragraph at lines 141--156
 [] 
 []

[3{/usr/local/texlive/2024/texmf-dist/fonts/enc/dvips/cm-super/cm-super-ts1.enc
}]
Overfull \hbox (16.90732pt too wide) in paragraph at lines 182--183
[]\C70/gbsn/bx/n/12/7e ƒ[][] \C70/gbsn/bx/n/12/54 ^^H[][]\OT1/cmr/bx/n/12 (Comb
ination)\C70/gbsn/bx/n/12/ff ^^Z \C70/gbsn/bx/n/12/4e Œ$\OML/cmm/m/it/12 N$\C70
/gbsn/bx/n/12/4e * ^^\ ^^\\OT1/cmr/m/n/12 (\C70/gbsn/m/n/12/53 Ô \C70/gbsn/bx/n
/12/4e Â \C70/gbsn/bx/n/12/65 ‡ \C70/gbsn/m/n/12/53 : \C70/gbsn/bx/n/12/52 +\OT
1/cmr/m/n/12 )\C70/gbsn/bx/n/12/4e - ^^M \C70/gbsn/m/n/12/91 Õ \C70/gbsn/bx/n/1
2/59 ^^M\OT1/cmr/m/n/12 (\C70/gbsn/m/n/12/53 s ÷ \C70/gbsn/bx/n/12/5b å \C70/gb
sn/bx/n/12/54 ^^N \C70/gbsn/bx/n/12/4e ^^M \C70/gbsn/bx/n/12/51 ç \C70/gbsn/m/n
/12/53 ÷\OT1/cmr/m/n/12 )\C70/gbsn/m/n/12/53 ÷ \C70/gbsn/bx/n/12/51 ˙$\OML/cmm/
m/it/12 M$\C70/gbsn/bx/n/12/4e *\OT1/cmr/m/n/12 (\C70/gbsn/bx/n/12/4e ^^M
 []


Overfull \hbox (15.36887pt too wide) in paragraph at lines 204--205
[]\C70/gbsn/m/n/12/66 > \C70/gbsn/m/n/12/71 6 \C70/gbsn/bx/n/12/ff ^^Z$\OML/cmm
/m/it/12 P\OT1/cmr/m/n/12 ([]) = 1$\C70/gbsn/bx/n/12/ff ^^H \C70/gbsn/bx/n/12/5
f ≈ \C70/gbsn/m/n/12/71 6 \C70/gbsn/bx/n/12/4e ã ˆ \C70/gbsn/bx/n/12/76 Ñ \C70/
gbsn/m/n/12/69 Ç \C70/gbsn/bx/n/12/73 á \C70/gbsn/bx/n/12/4e :\OT1/cmr/m/n/12 1
\C70/gbsn/bx/n/12/ff 	 ^^L
 []

[4]
Overfull \hbox (51.00955pt too wide) in paragraph at lines 212--213
[]\C70/gbsn/m/n/12/72 Ï[][] \C70/gbsn/m/n/12/7a À[][] \C70/gbsn/bx/n/12/4e ã[][
] ˆ[][] ^^N[][] \C70/gbsn/m/n/12/69 Ç[][] \C70/gbsn/bx/n/12/73 á[][] \C70/gbsn/
bx/n/12/ff ^^Z \C70/gbsn/bx/n/12/4e $ * ã ˆ \C70/gbsn/m/n/12/72 Ï \C70/gbsn/m/n
/12/7a À \C70/gbsn/bx/n/12/4e _ \C70/gbsn/m/n/12/5c 1 \C70/gbsn/m/n/12/66 / \C7
0/gbsn/bx/n/12/8b Ù \C70/gbsn/bx/n/12/ff ^^L$\OML/cmm/m/it/12 A$\C70/gbsn/m/n/1
2/30 ^^A$\OML/cmm/m/it/12 B$\C70/gbsn/bx/n/12/76 Ñ \C70/gbsn/m/n/12/53 — \C70/g
bsn/m/n/12/75 ^^_ \C70/gbsn/bx/n/12/4e ^^N \C70/gbsn/bx/n/12/54 & \C70/gbsn/bx/
n/12/4e í ^^M \C70/gbsn/bx/n/12/5f q \C70/gbsn/bx/n/12/54 Õ \C70/gbsn/bx/n/12/f
f ^^L$\OML/cmm/m/it/12 A$\C70/gbsn/m/n/12/66 /$\OML/cmm/m/it/12 A$\C70/gbsn/bx/
n/12/ff ^^L$\OML/cmm/m/it/12 B$\C70/gbsn/m/n/12/66 /$\OML/cmm/m/it/12 B$\C70/gb
sn/bx/n/12/ff ^^L
 []

[5]
Overfull \hbox (7.95735pt too wide) in paragraph at lines 253--254
[]\C70/gbsn/bx/n/12/7b ,\OT1/cmr/m/n/12 2\C70/gbsn/bx/n/12/4e *\OT1/cmr/m/n/12 
Quartile\C70/gbsn/bx/n/12/5b û \C70/gbsn/m/n/12/96 E \C70/gbsn/bx/n/12/4e : \C7
0/gbsn/m/n/12/90 ^^Z \C70/gbsn/bx/n/12/5e 8 \C70/gbsn/m/n/12/62 @ \C70/gbsn/bx/
n/12/8b Ù \C70/gbsn/bx/n/12/76 Ñ \C70/gbsn/bx/n/12/4e - \C70/gbsn/bx/n/12/52 ^^
F \C70/gbsn/bx/n/12/4f M \C70/gbsn/bx/n/12/65 p \C70/gbsn/bx/n/12/ff ^^H \C70/g
bsn/bx/n/12/4e - \C70/gbsn/bx/n/12/65 p \C70/gbsn/m/n/12/30 ^^A \C70/gbsn/bx/n/
12/4e å \C70/gbsn/bx/n/12/52 ^^F \C70/gbsn/bx/n/12/4f M \C70/gbsn/bx/n/12/52 ^^
F \C70/gbsn/m/n/12/30 ^^A \C70/gbsn/bx/n/12/4e - \C70/gbsn/bx/n/12/4f M \C70/gb
sn/bx/n/12/65 p \C70/gbsn/bx/n/12/ff ^^Z\OT1/cmr/m/n/12 Median\C70/gbsn/bx/n/12
/ff 	 
 []


Overfull \hbox (6.01936pt too wide) in paragraph at lines 268--269
[]\C70/gbsn/bx/n/12/5e è \C70/gbsn/bx/n/12/52 ^^W \C70/gbsn/bx/n/12/4e :$\OMS/c
msy/m/n/12 f\OT1/cmr/m/n/12 1\OML/cmm/m/it/12 ; \OT1/cmr/m/n/12 5\OML/cmm/m/it/
12 ; \OT1/cmr/m/n/12 7\OMS/cmsy/m/n/12 g$\C70/gbsn/bx/n/12/ff ^^L \C70/gbsn/bx/
n/12/67 	 \C70/gbsn/bx/n/12/4e 	 * \C70/gbsn/m/n/12/68 7 \C70/gbsn/bx/n/12/67 ,
 \C70/gbsn/bx/n/12/52 ^^Y \C70/gbsn/bx/n/12/ff ^^Z$\OT1/cmr/m/n/12 (3 \OMS/cmsy
/m/n/12 ^^@ \OT1/cmr/m/n/12 1)\OML/cmm/m/it/12 =\OT1/cmr/m/n/12 4$ \C70/gbsn/m/
n/12/55 F\OT1/cmr/m/n/12 0\C70/gbsn/bx/n/12/ff ^^L \C70/gbsn/bx/n/12/4f Y \C70/
gbsn/bx/n/12/65 p\OT1/cmr/m/n/12 2\C70/gbsn/bx/n/12/ff ^^L\OT1/cmr/m/n/12 1st=\
C70/gbsn/bx/n/12/7b ,\OT1/cmr/m/n/12 1\C70/gbsn/bx/n/12/4e * \C70/gbsn/bx/n/12/
65 p$\OMS/cmsy/m/n/12 ^^B\OT1/cmr/m/n/12 2\OML/cmm/m/it/12 =\OT1/cmr/m/n/12 4$+
\C70/gbsn/bx/n/12/7b ,\OT1/cmr/m/n/12 2\C70/gbsn/bx/n/12/4e *
 []


Overfull \hbox (44.60223pt too wide) in paragraph at lines 290--292
[]\C70/gbsn/bx/n/12/4f ã \C70/gbsn/bx/n/12/59 Ç \C70/gbsn/bx/n/12/ff ^^Z$\OMS/c
msy/m/n/12 f\OT1/cmr/m/n/12 1\OML/cmm/m/it/12 ; \OT1/cmr/m/n/12 3\OML/cmm/m/it/
12 ; \OT1/cmr/m/n/12 4\OML/cmm/m/it/12 ; \OT1/cmr/m/n/12 5\OML/cmm/m/it/12 ; \O
T1/cmr/m/n/12 6\OML/cmm/m/it/12 ; \OT1/cmr/m/n/12 7\OML/cmm/m/it/12 ; \OT1/cmr/
m/n/12 8\OML/cmm/m/it/12 ; \OT1/cmr/m/n/12 9\OML/cmm/m/it/12 ; \OT1/cmr/m/n/12 
19\OML/cmm/m/it/12 ; \OT1/cmr/m/n/12 29\OML/cmm/m/it/12 ; \OT1/cmr/m/n/12 39\OM
L/cmm/m/it/12 ; \OT1/cmr/m/n/12 49\OML/cmm/m/it/12 ; \OT1/cmr/m/n/12 59\OML/cmm
/m/it/12 ; \OT1/cmr/m/n/12 69\OML/cmm/m/it/12 ; \OT1/cmr/m/n/12 79\OML/cmm/m/it
/12 ; \OT1/cmr/m/n/12 80\OMS/cmsy/m/n/12 g$\C70/gbsn/bx/n/12/51 q\OT1/cmr/m/n/1
2 16\C70/gbsn/bx/n/12/4e * \C70/gbsn/m/n/12/68 7 \C70/gbsn/bx/n/12/67 , \C70/gb
sn/bx/n/12/ff ^^L \C70/gbsn/bx/n/12/89 Å \C70/gbsn/bx/n/12/6c B\OT1/cmr/m/n/12 
percentile$= 30%$\C70/gbsn/bx/n/12/ff ^^Z$\OT1/cmr/m/n/12 (16 \OMS/cmsy/m/n/12 
^^@
 []

[6]
Overfull \hbox (42.70059pt too wide) in paragraph at lines 313--314
[]\C70/gbsn/bx/n/12/7e Ÿ \C70/gbsn/bx/n/12/4e Ü ^^M \C70/gbsn/bx/n/12/54 ^^L \C
70/gbsn/bx/n/12/5e t \C70/gbsn/m/n/12/9f Ñ\OT1/cmr/m/n/12 range\C70/gbsn/bx/n/1
2/ff ^^L \C70/gbsn/bx/n/12/54 å ^^D \C70/gbsn/bx/n/12/4e *\OT1/cmr/m/n/12 range
\C70/gbsn/bx/n/12/76 Ñ\OT1/cmr/m/n/12 percentage\C70/gbsn/bx/n/12/ff ^^L \C70/g
bsn/m/n/12/95 Ó\OT1/cmr/m/n/12 median\C70/gbsn/m/n/12/84 = \C70/gbsn/bx/n/12/57
 ( \C70/gbsn/bx/n/12/54 Í \C70/gbsn/bx/n/12/4e *\OT1/cmr/m/n/12 range\C70/gbsn/
m/n/12/91 Ã \C70/gbsn/m/n/12/30 ^^B \C70/gbsn/m/n/12/62 ä\OT1/cmr/m/n/12 percen
tage\C70/gbsn/bx/n/12/52 †
 []


Overfull \hbox (4.91074pt too wide) in paragraph at lines 315--316
[]\C70/gbsn/bx/n/12/4f ã \C70/gbsn/bx/n/12/59 Ç \C70/gbsn/bx/n/12/ff ^^Z\OT1/cm
r/m/n/12 Given: 10\C70/gbsn/bx/n/12/ff ^\OT1/cmr/m/n/12 20 = 20%, 30\C70/gbsn/b
x/n/12/ff ^\OT1/cmr/m/n/12 50 = 30%, 0\C70/gbsn/bx/n/12/ff ^\OT1/cmr/m/n/12 10 
= 40%, 20\C70/gbsn/bx/n/12/ff ^\OT1/cmr/m/n/12 30 = 10%\C70/gbsn/bx/n/12/ff ^^L
 \C70/gbsn/m/n/12/95 Ó\OT1/cmr/m/n/12 median\C70/gbsn/bx/n/12/57 (
 []

[7]
Overfull \hbox (34.30376pt too wide) in paragraph at lines 368--369
[]\C70/gbsn/m/n/12/5d Ú \C70/gbsn/m/n/12/77 Â$\OML/cmm/m/it/12 a[] \OT1/cmr/m/n
/12 = 1$\C70/gbsn/bx/n/12/ff ^^L$\OML/cmm/m/it/12 a[] \OT1/cmr/m/n/12 = 1$\C70/
gbsn/bx/n/12/ff ^^L$\OML/cmm/m/it/12 a[] \OT1/cmr/m/n/12 = \OML/cmm/m/it/12 a[]
 \OT1/cmr/m/n/12 + \OML/cmm/m/it/12 a[]$\C70/gbsn/bx/n/12/ff ^^L \C70/gbsn/m/n/
12/95 Ó$\OML/cmm/m/it/12 a[]$\C70/gbsn/m/n/12/30 ^^A$\OML/cmm/m/it/12 a[]$\C70/
gbsn/m/n/12/30 ^^A$\OML/cmm/m/it/12 a[]$\C70/gbsn/m/n/12/30 ^^A$\OML/cmm/m/it/1
2 a[]$\C70/gbsn/bx/n/12/56 € \C70/gbsn/m/n/12/98 y \C70/gbsn/bx/n/12/76 Ñ \C70/
gbsn/bx/n/12/5e s \C70/gbsn/bx/n/12/57 G \C70/gbsn/bx/n/12/65 p \C70/gbsn/bx/n/
12/54 å$\OML/cmm/m/it/12 a[]$\C70/gbsn/m/n/12/30 ^^A$\OML/cmm/m/it/12 a[]$\C70/
gbsn/m/n/12/30 ^^A$\OML/cmm/m/it/12 a[]$\C70/gbsn/m/n/12/30 ^^A$\OML/cmm/m/it/1
2 a[]$\C70/gbsn/bx/n/12/56 €
 []

[8] [9] [10]
Overfull \hbox (10.67587pt too wide) in paragraph at lines 492--493
[]\C70/gbsn/bx/n/12/57 ($\OML/cmm/m/it/12 E$\C70/gbsn/bx/n/12/53 — \C70/gbsn/m/
n/12/75 ^^_ \C70/gbsn/bx/n/12/76 Ñ \C70/gbsn/m/n/12/60 ≈ \C70/gbsn/bx/n/12/51 µ
 \C70/gbsn/bx/n/12/4e  \C70/gbsn/bx/n/12/ff ^^L$\OML/cmm/m/it/12 F$\C70/gbsn/b
x/n/12/53 — \C70/gbsn/m/n/12/75 ^^_ \C70/gbsn/bx/n/12/76 Ñ \C70/gbsn/m/n/12/69 
Ç \C70/gbsn/bx/n/12/73 á \C70/gbsn/bx/n/12/4e :\OT1/cmr/m/n/12 0.45\C70/gbsn/bx
/n/12/ff ^^L \C70/gbsn/m/n/12/95 Ó$\OML/cmm/m/it/12 E$\C70/gbsn/bx/n/12/4e ^^M 
\C70/gbsn/bx/n/12/53 — \C70/gbsn/m/n/12/75 ^^_ \C70/gbsn/bx/n/12/76 Ñ \C70/gbsn
/m/n/12/60 ≈ \C70/gbsn/bx/n/12/51 µ \C70/gbsn/bx/n/12/4e  \C70/gbsn/bx/n/12/ff
 ^^L$\OML/cmm/m/it/12 F$\C70/gbsn/bx/n/12/53 — \C70/gbsn/m/n/12/75 ^^_ \C70/gbs
n/bx/n/12/76 Ñ \C70/gbsn/m/n/12/69 Ç \C70/gbsn/bx/n/12/73 á \C70/gbsn/bx/n/12/4
e ^^N\OT1/cmr/m/n/12 0.55\C70/gbsn/bx/n/12/6b ‘
 []

[11]
Overfull \hbox (179.82182pt too wide) in paragraph at lines 516--517
[]\C70/gbsn/bx/n/12/6b c \C70/gbsn/m/n/12/60 ^^A \C70/gbsn/bx/n/12/52 ^^F \C70/
gbsn/bx/n/12/5e ^^C \C70/gbsn/m/n/12/98 ò \C70/gbsn/bx/n/12/ff ^^Z \C70/gbsn/bx
/n/12/4e ^^@ \C70/gbsn/bx/n/12/52 ^^W \C70/gbsn/bx/n/12/65 p \C70/gbsn/bx/n/12/
4e Œ\OT1/cmr/m/n/12 0\C70/gbsn/bx/n/12/52 0\OT1/cmr/m/n/12 28\C70/gbsn/bx/n/12/
ff ^^L \C70/gbsn/bx/n/12/7e Ÿ \C70/gbsn/bx/n/12/51 ˙ \C70/gbsn/bx/n/12/6b c \C7
0/gbsn/m/n/12/60 ^^A \C70/gbsn/bx/n/12/52 ^^F \C70/gbsn/bx/n/12/5e ^^C \C70/gbs
n/m/n/12/66 Ú \C70/gbsn/bx/n/12/7e ø \C70/gbsn/m/n/12/30 ^^B\OT1/cmr/m/n/12 75%
\C70/gbsn/bx/n/12/76 Ñ\OT1/cmr/m/n/12 percentile\C70/gbsn/m/n/12/66 /\OT1/cmr/m
/n/12 20\C70/gbsn/bx/n/12/ff ^^L\OT1/cmr/m/n/12 85%\C70/gbsn/bx/n/12/76 Ñ\OT1/c
mr/m/n/12 percentile\C70/gbsn/m/n/12/66 /$\OML/cmm/m/it/12 r$\C70/gbsn/bx/n/12/
ff ^^L\OT1/cmr/m/n/12 95%\C70/gbsn/bx/n/12/76 Ñ\OT1/cmr/m/n/12 percentile\C70/g
bsn/m/n/12/66 /\OT1/cmr/m/n/12 26\C70/gbsn/bx/n/12/ff ^^L
 []


Overfull \hbox (6.87445pt too wide) in paragraph at lines 539--540
[]\C70/gbsn/bx/n/12/53 ü \C70/gbsn/m/n/12/98 ò \C70/gbsn/bx/n/12/ff ^^Z \C70/gb
sn/bx/n/12/8b Ù \C70/gbsn/bx/n/12/4e ^^@ \C70/gbsn/m/n/12/58 ^^F \C70/gbsn/bx/n
/12/4e ∫\OT1/cmr/m/n/12 0-10\C70/gbsn/m/n/12/5c Å \C70/gbsn/bx/n/12/53 `\OT1/cm
r/m/n/12 10%\C70/gbsn/bx/n/12/ff ^^L\OT1/cmr/m/n/12 11-20\C70/gbsn/m/n/12/5c Å 
\C70/gbsn/bx/n/12/53 `\OT1/cmr/m/n/12 12%\C70/gbsn/bx/n/12/ff ^^L\OT1/cmr/m/n/1
2 21-30\C70/gbsn/m/n/12/5c Å \C70/gbsn/bx/n/12/53 `\OT1/cmr/m/n/12 23%\C70/gbsn
/bx/n/12/ff ^^L\OT1/cmr/m/n/12 31-40\C70/gbsn/m/n/12/5c Å \C70/gbsn/bx/n/12/53 
`\OT1/cmr/m/n/12 20%\C70/gbsn/bx/n/12/ff ^^L\OT1/cmr/m/n/12 >40\C70/gbsn/m/n/12
/5c Å
 []

[12] [13] (./1.aux)
 ***********
LaTeX2e <2023-11-01> patch level 1
L3 programming layer <2024-02-20>
 ***********
 ) 
Here is how much of TeX's memory you used:
 5326 strings out of 474116
 74562 string characters out of 5743682
 1953187 words of memory out of 5000000
 27359 multiletter control sequences out of 15000+600000
 620423 words of font info for 261 fonts, out of 8000000 for 9000
 1141 hyphenation exceptions out of 8191
 59i,10n,65p,634b,1015s stack positions out of 10000i,1000n,20000p,200000b,200000s
</usr/local/texlive/2024/texmf-dist/fonts/type1/public/amsfonts/cm/cmbx12.pfb
></usr/local/texlive/2024/texmf-dist/fonts/type1/public/amsfonts/cm/cmex10.pfb>
</usr/local/texlive/2024/texmf-dist/fonts/type1/public/amsfonts/cm/cmmi12.pfb><
/usr/local/texlive/2024/texmf-dist/fonts/type1/public/amsfonts/cm/cmmi6.pfb></u
sr/local/texlive/2024/texmf-dist/fonts/type1/public/amsfonts/cm/cmmi8.pfb></usr
/local/texlive/2024/texmf-dist/fonts/type1/public/amsfonts/cm/cmr12.pfb></usr/l
ocal/texlive/2024/texmf-dist/fonts/type1/public/amsfonts/cm/cmr17.pfb></usr/loc
al/texlive/2024/texmf-dist/fonts/type1/public/amsfonts/cm/cmr6.pfb></usr/local/
texlive/2024/texmf-dist/fonts/type1/public/amsfonts/cm/cmr8.pfb></usr/local/tex
live/2024/texmf-dist/fonts/type1/public/amsfonts/cm/cmsy10.pfb></usr/local/texl
ive/2024/texmf-dist/fonts/type1/public/amsfonts/cm/cmsy6.pfb></usr/local/texliv
e/2024/texmf-dist/fonts/type1/public/amsfonts/cm/cmsy8.pfb></usr/local/texlive/
2024/texmf-dist/fonts/type1/public/amsfonts/cm/cmtt12.pfb></usr/local/texlive/2
024/texmf-dist/fonts/type1/arphic/gbsnu/gbsnu30.pfb></usr/local/texlive/2024/te
xmf-dist/fonts/type1/arphic/gbsnu/gbsnu4e.pfb></usr/local/texlive/2024/texmf-di
st/fonts/type1/arphic/gbsnu/gbsnu4f.pfb></usr/local/texlive/2024/texmf-dist/fon
ts/type1/arphic/gbsnu/gbsnu50.pfb></usr/local/texlive/2024/texmf-dist/fonts/typ
e1/arphic/gbsnu/gbsnu51.pfb></usr/local/texlive/2024/texmf-dist/fonts/type1/arp
hic/gbsnu/gbsnu52.pfb></usr/local/texlive/2024/texmf-dist/fonts/type1/arphic/gb
snu/gbsnu53.pfb></usr/local/texlive/2024/texmf-dist/fonts/type1/arphic/gbsnu/gb
snu54.pfb></usr/local/texlive/2024/texmf-dist/fonts/type1/arphic/gbsnu/gbsnu55.
pfb></usr/local/texlive/2024/texmf-dist/fonts/type1/arphic/gbsnu/gbsnu56.pfb></
usr/local/texlive/2024/texmf-dist/fonts/type1/arphic/gbsnu/gbsnu57.pfb></usr/lo
cal/texlive/2024/texmf-dist/fonts/type1/arphic/gbsnu/gbsnu58.pfb></usr/local/te
xlive/2024/texmf-dist/fonts/type1/arphic/gbsnu/gbsnu59.pfb></usr/local/texlive/
2024/texmf-dist/fonts/type1/arphic/gbsnu/gbsnu5b.pfb></usr/local/texlive/2024/t
exmf-dist/fonts/type1/arphic/gbsnu/gbsnu5c.pfb></usr/local/texlive/2024/texmf-d
ist/fonts/type1/arphic/gbsnu/gbsnu5d.pfb></usr/local/texlive/2024/texmf-dist/fo
nts/type1/arphic/gbsnu/gbsnu5e.pfb></usr/local/texlive/2024/texmf-dist/fonts/ty
pe1/arphic/gbsnu/gbsnu5f.pfb></usr/local/texlive/2024/texmf-dist/fonts/type1/ar
phic/gbsnu/gbsnu60.pfb></usr/local/texlive/2024/texmf-dist/fonts/type1/arphic/g
bsnu/gbsnu61.pfb></usr/local/texlive/2024/texmf-dist/fonts/type1/arphic/gbsnu/g
bsnu62.pfb></usr/local/texlive/2024/texmf-dist/fonts/type1/arphic/gbsnu/gbsnu63
.pfb></usr/local/texlive/2024/texmf-dist/fonts/type1/arphic/gbsnu/gbsnu64.pfb><
/usr/local/texlive/2024/texmf-dist/fonts/type1/arphic/gbsnu/gbsnu65.pfb></usr/l
ocal/texlive/2024/texmf-dist/fonts/type1/arphic/gbsnu/gbsnu66.pfb></usr/local/t
exlive/2024/texmf-dist/fonts/type1/arphic/gbsnu/gbsnu67.pfb></usr/local/texlive
/2024/texmf-dist/fonts/type1/arphic/gbsnu/gbsnu68.pfb></usr/local/texlive/2024/
texmf-dist/fonts/type1/arphic/gbsnu/gbsnu69.pfb></usr/local/texlive/2024/texmf-
dist/fonts/type1/arphic/gbsnu/gbsnu6a.pfb></usr/local/texlive/2024/texmf-dist/f
onts/type1/arphic/gbsnu/gbsnu6b.pfb></usr/local/texlive/2024/texmf-dist/fonts/t
ype1/arphic/gbsnu/gbsnu6c.pfb></usr/local/texlive/2024/texmf-dist/fonts/type1/a
rphic/gbsnu/gbsnu6d.pfb></usr/local/texlive/2024/texmf-dist/fonts/type1/arphic/
gbsnu/gbsnu6e.pfb></usr/local/texlive/2024/texmf-dist/fonts/type1/arphic/gbsnu/
gbsnu70.pfb></usr/local/texlive/2024/texmf-dist/fonts/type1/arphic/gbsnu/gbsnu7
1.pfb></usr/local/texlive/2024/texmf-dist/fonts/type1/arphic/gbsnu/gbsnu72.pfb>
</usr/local/texlive/2024/texmf-dist/fonts/type1/arphic/gbsnu/gbsnu73.pfb></usr/
local/texlive/2024/texmf-dist/fonts/type1/arphic/gbsnu/gbsnu74.pfb></usr/local/
texlive/2024/texmf-dist/fonts/type1/arphic/gbsnu/gbsnu75.pfb></usr/local/texliv
e/2024/texmf-dist/fonts/type1/arphic/gbsnu/gbsnu76.pfb></usr/local/texlive/2024
/texmf-dist/fonts/type1/arphic/gbsnu/gbsnu77.pfb></usr/local/texlive/2024/texmf
-dist/fonts/type1/arphic/gbsnu/gbsnu78.pfb></usr/local/texlive/2024/texmf-dist/
fonts/type1/arphic/gbsnu/gbsnu79.pfb></usr/local/texlive/2024/texmf-dist/fonts/
type1/arphic/gbsnu/gbsnu7a.pfb></usr/local/texlive/2024/texmf-dist/fonts/type1/
arphic/gbsnu/gbsnu7b.pfb></usr/local/texlive/2024/texmf-dist/fonts/type1/arphic
/gbsnu/gbsnu7c.pfb></usr/local/texlive/2024/texmf-dist/fonts/type1/arphic/gbsnu
/gbsnu7e.pfb></usr/local/texlive/2024/texmf-dist/fonts/type1/arphic/gbsnu/gbsnu
7f.pfb></usr/local/texlive/2024/texmf-dist/fonts/type1/arphic/gbsnu/gbsnu80.pfb
></usr/local/texlive/2024/texmf-dist/fonts/type1/arphic/gbsnu/gbsnu81.pfb></usr
/local/texlive/2024/texmf-dist/fonts/type1/arphic/gbsnu/gbsnu82.pfb></usr/local
/texlive/2024/texmf-dist/fonts/type1/arphic/gbsnu/gbsnu83.pfb></usr/local/texli
ve/2024/texmf-dist/fonts/type1/arphic/gbsnu/gbsnu84.pfb></usr/local/texlive/202
4/texmf-dist/fonts/type1/arphic/gbsnu/gbsnu86.pfb></usr/local/texlive/2024/texm
f-dist/fonts/type1/arphic/gbsnu/gbsnu88.pfb></usr/local/texlive/2024/texmf-dist
/fonts/type1/arphic/gbsnu/gbsnu89.pfb></usr/local/texlive/2024/texmf-dist/fonts
/type1/arphic/gbsnu/gbsnu8b.pfb></usr/local/texlive/2024/texmf-dist/fonts/type1
/arphic/gbsnu/gbsnu8c.pfb></usr/local/texlive/2024/texmf-dist/fonts/type1/arphi
c/gbsnu/gbsnu8d.pfb></usr/local/texlive/2024/texmf-dist/fonts/type1/arphic/gbsn
u/gbsnu8f.pfb></usr/local/texlive/2024/texmf-dist/fonts/type1/arphic/gbsnu/gbsn
u90.pfb></usr/local/texlive/2024/texmf-dist/fonts/type1/arphic/gbsnu/gbsnu91.pf
b></usr/local/texlive/2024/texmf-dist/fonts/type1/arphic/gbsnu/gbsnu94.pfb></us
r/local/texlive/2024/texmf-dist/fonts/type1/arphic/gbsnu/gbsnu95.pfb></usr/loca
l/texlive/2024/texmf-dist/fonts/type1/arphic/gbsnu/gbsnu96.pfb></usr/local/texl
ive/2024/texmf-dist/fonts/type1/arphic/gbsnu/gbsnu97.pfb></usr/local/texlive/20
24/texmf-dist/fonts/type1/arphic/gbsnu/gbsnu98.pfb></usr/local/texlive/2024/tex
mf-dist/fonts/type1/arphic/gbsnu/gbsnu99.pfb></usr/local/texlive/2024/texmf-dis
t/fonts/type1/arphic/gbsnu/gbsnu9a.pfb></usr/local/texlive/2024/texmf-dist/font
s/type1/arphic/gbsnu/gbsnu9f.pfb></usr/local/texlive/2024/texmf-dist/fonts/type
1/arphic/gbsnu/gbsnuff.pfb></usr/local/texlive/2024/texmf-dist/fonts/type1/publ
ic/cm-super/sfrm1200.pfb>
Output written on 1.pdf (13 pages, 606354 bytes).
PDF statistics:
 546 PDF objects out of 1000 (max. 8388607)
 287 compressed objects within 3 object streams
 0 named destinations out of 1000 (max. 500000)
 285 words of extra memory for PDF output out of 10000 (max. 10000000)

